============================= test session starts =============================
platform win32 -- Python 3.13.5, pytest-8.3.4, pluggy-1.5.0
rootdir: D:\MedAgent
configfile: pytest.ini
plugins: anyio-4.7.0, Faker-40.4.0, langsmith-0.4.59
collected 0 items / 1 error

=================================== ERRORS ====================================
_______________ ERROR collecting tests/test_role_permissions.py _______________
C:\Users\Administrator\anaconda3\Lib\site-packages\_pytest\python.py:493: in importtestmodule
    mod = import_path(
C:\Users\Administrator\anaconda3\Lib\site-packages\_pytest\pathlib.py:587: in import_path
    importlib.import_module(module_name)
C:\Users\Administrator\anaconda3\Lib\importlib\__init__.py:88: in import_module
    return _bootstrap._gcd_import(name[level:], package, level)
<frozen importlib._bootstrap>:1387: in _gcd_import
    ???
<frozen importlib._bootstrap>:1360: in _find_and_load
    ???
<frozen importlib._bootstrap>:1331: in _find_and_load_unlocked
    ???
<frozen importlib._bootstrap>:935: in _load_unlocked
    ???
C:\Users\Administrator\anaconda3\Lib\site-packages\_pytest\assertion\rewrite.py:184: in exec_module
    exec(co, module.__dict__)
tests\test_role_permissions.py:2: in <module>
    from agents.feedback_safety_layer import feedback_safety
agents\feedback_safety_layer.py:3: in <module>
    from agents.verification_agent import VerificationAgent
agents\verification_agent.py:5: in <module>
    from agents.persistence_agent import PersistenceAgent
E     File "D:\MedAgent\agents\persistence_agent.py", line 196
E       if redacted_details:
E   IndentationError: unexpected indent
=========================== short test summary info ===========================
ERROR tests/test_role_permissions.py
!!!!!!!!!!!!!!!!!!! Interrupted: 1 error during collection !!!!!!!!!!!!!!!!!!!!
============================== 1 error in 0.24s ===============================
